[9btstore.net/index.html]
[9btstore.net/fonts/amazon_ember04b6.css]
[cdn.salla.sa/ajrR/VUOwMGnhlxP4zPrXtUFAenyUc1gpu6M3ZDIP3fOh.png]
[backblue.gif]
[fade.gif]
[index.html]
[9btstore.net/css/appf773.css]
[9btstore.net/css/themes5751.css]
[9btstore.net/themes/default/assets/css/slick-theme04b6.css]
[9btstore.net/themes/theme_2/assets/css/main04b6.css]
[9btstore.net/themes/theme_2/assets/css/theme-custom04b6.css]
[cdn.polyfill.io/v3/polyfill.mina9ef.js]
[9btstore.net/advertisement/JZWo/close.json]
[cdn.salla.sa/ajrR/PEyPsJL9Og4U82m7FUs6xduZQ7wj83tWDIGE9juA.png]
[9btstore.net/cart.html]
[9btstore.net/themes/default/assets/images/avatar_male.png]
[9btstore.net/حساباتنا/c1220338244.html]
[9btstore.net/نوادرنا/c111911591.html]
[9btstore.net/أيديات-السوني/c1703099071.html]
[cdn.salla.sa/ajrR/design/wVqpCthydhXv3wEXBlT1u755EV9U1NrbRJn8NU8p.jpg]
[9btstore.net/index0307.html]
[9btstore.net/indexb912.html]
[cdn.salla.sa/ajrR/design/dbnmqJ3siCJpaeKctVuVewC1E5vMYAvUAknr3jvi.jpg]
[cdn.salla.sa/ajrR/design/HFfgcLfnZoXRVm5qLE3sDe6zUzfQdVGbEGgwiueb.png]
[9btstore.net/index3c91.html]
[cdn.salla.sa/ajrR/design/daSjel1RDr5KQpGwf5pM7F0DEwl4E7bw0X6gXxpX.png]
[cdn.salla.sa/ajrR/design/KRYcYuh6GsYYJyVnKT2gFHhqmHzkBVadPdBwfycF.png]
[9btstore.net/indexc622.html]
[9btstore.net/index5bbc.html]
[9btstore.net/index9f49.html]
[9btstore.net/أيدي-بنت-الطيارة-شيطون-200-سكن/p1414273781.html]
[9btstore.net/themes/default/assets/images/product-loading04b6.png]
[9btstore.net/index874e.html]
[9btstore.net/indexca82.html]
[9btstore.net/أيدي-سكلتون-بنفسجي-السيزون-الثالث-كامل/p1400500395.html]
[9btstore.net/index74e8.html]
[9btstore.net/أيدي-سكلتون-بنفجسي-شيطون-سيزون-3-كامل/p2068322517.html]
[9btstore.net/أيدي-بنت-الطيارة-السيزون-الثالث-كامل/p1755512724.html]
[9btstore.net/أيدي-جوردن-الطيار-سكلتون-بنفسجي-سيزون-2/p1200579163.html]
[cdn.salla.sa/ajrR/design/9HccL84VppqcjrDePKNYlAwvCl2gxxzLP09Sds31.png]
[9btstore.net/أيدي-فورتنايت-قوي-97-شيء-نادر-العاب-أخرى/p313188465.html]
[9btstore.net/أيدي-فور-نايت-فخم-95-شيء-نادر-العاب-أخرى/p726509012.html]
[9btstore.net/أيدي-فورتنايت-السيزون-الثالث-كامل-العاب-أخرى/p53722851.html]
[9btstore.net/أيدي-فورتنايت-أسطوري-93-شيء-نادر-العاب-أخرى/p1035819209.html]
[9btstore.net/أيدي-سوني-100-يطلع-لك-سكن-نادر-العاب-أخرى/p373821507.html]
[9btstore.net/أيدي-فورتنايت-شيطون-بلاك-نايت-العاب-أخرى/p387278356.html]
[9btstore.net/أيدي-فورت-نايت-رقصة-فلوس-floss-العاب-أخرى/p827760610.html]
[9btstore.net/أيدي-فورتنايت-السيزون-الثاني-العاب-اخرى/p195757046.html]
[9btstore.net/أيدي-فورتنايت-السيزون-الأول-العاب-أخرى/p969860341.html]
[9btstore.net/أيدي-فورت-نايت-للمحترفين-89-شيء-نادر-العاب-أخرى/p261777354.html]
[9btstore.net/أيدي-فورتنايت-مغري-ورخيص-العاب-أخرى/p1499498187.html]
[cdn.salla.sa/ajrR/design/LAfiXfGvQ8h1iv6pkw7NVXBwuESjk717uJlUfR8D.png]
[9btstore.net/حساب-اسطوري-93-بالمية-سكن-نادر/p1268407500.html]
[9btstore.net/حساب-مضمون-نادر-للسوني/p1890358053.html]
[9btstore.net/حساب-فورتنايت-شيطون-ينربط-سوني/p1456946986.html]
[9btstore.net/حساب-فورتنايت-مضمون-نادر/p1568915404.html]
[9btstore.net/حساب-فورتنايت-اسطوري-97-بالمية-سكن-نادر/p1826416585.html]
[9btstore.net/حساب-رقصة-floss-ينربط-سوني/p264531484.html]
[9btstore.net/حساب-100-رقصة-فلوس-80-شيطون/p1611800594.html]
[9btstore.net/حساب-السيزون-الثاني-فورتنايت/p1226619090.html]
[9btstore.net/حساب-فورتنايت-فخم-95-سكن-نادر-100-ينربط-سوني/p490113903.html]
[9btstore.net/حساب-فورتنايت-يحتوي-على-السيزون2-80-بنت-الرقاصة/p514676324.html]
[9btstore.net/حساب-فورتنايت-100-ينربط-سوني-89-شيء-نادر/p694446937.html]
[9btstore.net/حساب-فورت-نايت-مغري-ورخيص/p1924677287.html]
[9btstore.net/css/currency-flagsa44a.css]
[9btstore.net/cdn-cgi/l/email-protection.html]
[9btstore.net/من-نحن/page-1671390299.html]
[9btstore.net/الشروط-والأحكام/page-1023126044.html]
[9btstore.net/dmca/page-1742092570.html]
[9btstore.net/themes/default/assets/images/mada04b6.png]
[9btstore.net/themes/default/assets/images/cc04b6.png]
[9btstore.net/themes/default/assets/images/applepay04b6.svg]
[9btstore.net/cdn-cgi/scripts/5c5dd728/cloudflare-static/email-decode.min.js]
[9btstore.net/js/es4d2d.js]
[9btstore.net/js/app9045.js]
[9btstore.net/js/themes17b2.js]
[9btstore.net/vendor/salla/events.js]
[9btstore.net/themes/default/assets/js/plugins/slick04b6.js]
[9btstore.net/themes/theme_2/assets/js/app04b6.js]
[9btstore.net/themes/default/assets/js/plugins/jquery-ui.min04b6.js]
[9btstore.net/index.html]
[9btstore.net/themes/default/assets/js/pages/add_cart04b6.js]
[9btstore.net/fonts/AmazonEmberArabic_Rg43fd.woff2]
[9btstore.net/fonts/AmazonEmberArabic_Rg8353.woff]
[9btstore.net/fonts/AmazonEmberArabic_Bd3557.woff2]
[9btstore.net/fonts/amazon_ember04b6.css]
[9btstore.net/fonts/AmazonEmberArabic_Bd3516.woff]
[9btstore.net/fonts/sallaicons2b20.eot]
[9btstore.net/fonts/sallaicons5a02.woff2]
[9btstore.net/fonts/sallaicons1f4b.ttf]
[9btstore.net/fonts/sallaicons1510.woff]
[9btstore.net/images/sallaiconsb7a4.svg]
[9btstore.net/fonts/icomoon1079.eot]
[9btstore.net/fonts/icomoon6e55.eot]
[9btstore.net/fonts/icomoonf2de.woff]
[9btstore.net/fonts/icomoon317b.ttf]
[9btstore.net/fonts/icomoon67f1.svg]
[9btstore.net/fonts/fontawesome-webfont2967.eot]
[9btstore.net/fonts/fontawesome-webfontfb78.eot]
[9btstore.net/fonts/fontawesome-webfontbb99.woff2]
[9btstore.net/fonts/fontawesome-webfontce29.woff]
[9btstore.net/fonts/fontawesome-webfont1bb7.ttf]
[9btstore.net/fonts/fontawesome-webfont2f98.svg]
[9btstore.net/themes/default/assets/images/placeholder.png]
[9btstore.net/css/appf773.css]
[9btstore.net/fonts/glyphicons-halflings-regular.eot]
[9btstore.net/fonts/glyphicons-halflings-regulard41d.eot]
[9btstore.net/fonts/glyphicons-halflings-regular.woff2]
[9btstore.net/fonts/glyphicons-halflings-regular.woff]
[9btstore.net/fonts/glyphicons-halflings-regular.ttf]
[9btstore.net/fonts/glyphicons-halflings-regular.svg]
[9btstore.net/images/login_cover.jpg]
[9btstore.net/css/owl.video.play.png]
[9btstore.net/css/themes5751.css]
[9btstore.net/themes/default/assets/css/ajax-loader.gif]
[9btstore.net/themes/default/assets/css/fonts/slick.eot]
[9btstore.net/themes/default/assets/css/fonts/slickd41d.eot]
[9btstore.net/themes/default/assets/css/fonts/slick.woff]
[9btstore.net/themes/default/assets/css/fonts/slick.ttf]
[9btstore.net/themes/default/assets/css/fonts/slick.svg]
[9btstore.net/themes/default/assets/css/slick-theme04b6.css]
[9btstore.net/themes/theme_2/assets/images/dropdown-arrow.svg]
[9btstore.net/themes/theme_2/assets/images/quote.svg]
[9btstore.net/themes/theme_2/assets/images/hot.svg]
[9btstore.net/themes/theme_2/assets/images/avatar.jpg]
[9btstore.net/themes/theme_2/assets/css/main04b6.css]
[9btstore.net/themes/theme_2/assets/css/theme-custom04b6.css]
[www.googletagmanager.com/gtm5445.html]
[9btstore.net/cartb912.html]
[9btstore.net/cart0307.html]
[9btstore.net/cart3c91.html]
[9btstore.net/cartc622.html]
[9btstore.net/cart9f49.html]
[9btstore.net/cart5bbc.html]
[9btstore.net/cart874e.html]
[9btstore.net/cart74e8.html]
[9btstore.net/cartca82.html]
[9btstore.net/themes/default/assets/js/pages/cart.index04b6.js]
[9btstore.net/themes/default/assets/js/pages/cart_delete04b6.js]
[9btstore.net/themes/default/assets/js/pages/cart_options04b6.js]
[9btstore.net/cart.html]
[9btstore.net/حساباتنا/c1220338244.html]
[9btstore.net/نوادرنا/c111911591.html]
[9btstore.net/أيديات-السوني/c1703099071.html]
[9btstore.net/indexb912.html]
[9btstore.net/index0307.html]
[9btstore.net/index3c91.html]
[9btstore.net/indexc622.html]
[9btstore.net/index9f49.html]
[9btstore.net/index5bbc.html]
[9btstore.net/index874e.html]
[9btstore.net/index74e8.html]
[9btstore.net/indexca82.html]
[9btstore.net/أيدي-بنت-الطيارة-شيطون-200-سكن/p1414273781.html]
[9btstore.net/أيدي-سكلتون-بنفسجي-السيزون-الثالث-كامل/p1400500395.html]
[9btstore.net/أيدي-سكلتون-بنفجسي-شيطون-سيزون-3-كامل/p2068322517.html]
[9btstore.net/أيدي-بنت-الطيارة-السيزون-الثالث-كامل/p1755512724.html]
[9btstore.net/أيدي-جوردن-الطيار-سكلتون-بنفسجي-سيزون-2/p1200579163.html]
[9btstore.net/أيدي-فورتنايت-قوي-97-شيء-نادر-العاب-أخرى/p313188465.html]
[9btstore.net/أيدي-فور-نايت-فخم-95-شيء-نادر-العاب-أخرى/p726509012.html]
[9btstore.net/أيدي-فورتنايت-السيزون-الثالث-كامل-العاب-أخرى/p53722851.html]
[9btstore.net/أيدي-فورتنايت-أسطوري-93-شيء-نادر-العاب-أخرى/p1035819209.html]
[9btstore.net/أيدي-سوني-100-يطلع-لك-سكن-نادر-العاب-أخرى/p373821507.html]
[9btstore.net/أيدي-فورتنايت-شيطون-بلاك-نايت-العاب-أخرى/p387278356.html]
[9btstore.net/أيدي-فورت-نايت-رقصة-فلوس-floss-العاب-أخرى/p827760610.html]
[9btstore.net/أيدي-فورتنايت-السيزون-الثاني-العاب-اخرى/p195757046.html]
[9btstore.net/أيدي-فورتنايت-السيزون-الأول-العاب-أخرى/p969860341.html]
[9btstore.net/أيدي-فورت-نايت-للمحترفين-89-شيء-نادر-العاب-أخرى/p261777354.html]
[9btstore.net/أيدي-فورتنايت-مغري-ورخيص-العاب-أخرى/p1499498187.html]
[9btstore.net/حساب-اسطوري-93-بالمية-سكن-نادر/p1268407500.html]
[9btstore.net/حساب-مضمون-نادر-للسوني/p1890358053.html]
[9btstore.net/حساب-فورتنايت-شيطون-ينربط-سوني/p1456946986.html]
[9btstore.net/حساب-فورتنايت-مضمون-نادر/p1568915404.html]
[9btstore.net/حساب-فورتنايت-اسطوري-97-بالمية-سكن-نادر/p1826416585.html]
[9btstore.net/حساب-رقصة-floss-ينربط-سوني/p264531484.html]
[9btstore.net/حساب-100-رقصة-فلوس-80-شيطون/p1611800594.html]
[9btstore.net/حساب-السيزون-الثاني-فورتنايت/p1226619090.html]
[9btstore.net/حساب-فورتنايت-فخم-95-سكن-نادر-100-ينربط-سوني/p490113903.html]
[9btstore.net/حساب-فورتنايت-يحتوي-على-السيزون2-80-بنت-الرقاصة/p514676324.html]
[9btstore.net/حساب-فورتنايت-100-ينربط-سوني-89-شيء-نادر/p694446937.html]
[9btstore.net/حساب-فورت-نايت-مغري-ورخيص/p1924677287.html]
[9btstore.net/css/currency-flagsa44a.css]
[9btstore.net/cdn-cgi/l/email-protection.html]
[9btstore.net/من-نحن/page-1671390299.html]
[9btstore.net/الشروط-والأحكام/page-1023126044.html]
[9btstore.net/dmca/border.png]
[9btstore.net/dmca/page-1742092570b912.html]
[9btstore.net/dmca/page-17420925700307.html]
[9btstore.net/dmca/page-17420925703c91.html]
[9btstore.net/dmca/page-1742092570c622.html]
[9btstore.net/dmca/page-17420925709f49.html]
[9btstore.net/dmca/page-17420925705bbc.html]
[9btstore.net/dmca/page-1742092570874e.html]
[9btstore.net/dmca/page-174209257074e8.html]
[9btstore.net/dmca/page-1742092570.html]
[9btstore.net/themes/default/assets/images/applepay04b6.svg]
[9btstore.net/images/sallaiconsb7a4.svg]
[9btstore.net/fonts/icomoon67f1.svg]
[9btstore.net/fonts/fontawesome-webfont2f98.svg]
[9btstore.net/fonts/glyphicons-halflings-regular.svg]
[9btstore.net/images/login_cover.html]
[9btstore.net/css/owl.video.play.html]
[9btstore.net/themes/default/assets/css/fonts/slick.html]
[9btstore.net/themes/default/assets/css/fonts/slickd41d.html]
[9btstore.net/themes/default/assets/css/fonts/slick-2.html]
[9btstore.net/themes/default/assets/css/fonts/slick-3.html]
[9btstore.net/themes/default/assets/css/fonts/slick-4.html]
[9btstore.net/themes/theme_2/assets/images/dropdown-arrow.svg]
[9btstore.net/themes/theme_2/assets/images/quote.svg]
[9btstore.net/themes/theme_2/assets/images/hot.svg]
[9btstore.net/dmca/page-1742092570ca82.html]
[9btstore.net/cartb912.html]
[9btstore.net/cart0307.html]
[9btstore.net/cart3c91.html]
[9btstore.net/cartc622.html]
[9btstore.net/cart9f49.html]
[9btstore.net/cart5bbc.html]
[9btstore.net/cart874e.html]
[9btstore.net/cart74e8.html]
[9btstore.net/cartca82.html]
[9btstore.net/dmca/border.html]
[9btstore.net/dmca/page-1742092570b912.html]
[9btstore.net/dmca/page-17420925700307.html]
[9btstore.net/dmca/page-17420925703c91.html]
[9btstore.net/dmca/page-1742092570c622.html]
[9btstore.net/dmca/page-17420925709f49.html]
[9btstore.net/dmca/page-17420925705bbc.html]
[9btstore.net/dmca/page-1742092570874e.html]
[9btstore.net/dmca/page-174209257074e8.html]
[9btstore.net/dmca/page-1742092570ca82.html]
